2026-07-17 03:56:36 [INFO]: All tables created successfully.
2026-07-17 03:56:40 [ERROR]: Uncaught Exception: Error: listen EADDRINUSE: address already in use 0.0.0.0:5000
    at Server.setupListenHandle [as _listen2] (node:net:2008:16)
    at listenInCluster (node:net:2065:12)
    at node:net:2274:7
    at process.processTicksAndRejections (node:internal/process/task_queues:90:21)
2026-07-17 03:56:40 [INFO]: Connected to SQLite database.
2026-07-17 03:57:41 [INFO]: All tables created successfully.
2026-07-17 03:57:42 [ERROR]: Uncaught Exception: Error: listen EADDRINUSE: address already in use 0.0.0.0:5000
    at Server.setupListenHandle [as _listen2] (node:net:2008:16)
    at listenInCluster (node:net:2065:12)
    at node:net:2274:7
    at process.processTicksAndRejections (node:internal/process/task_queues:90:21)
2026-07-17 03:57:42 [INFO]: Connected to SQLite database.
2026-07-17 03:58:18 [INFO]: All tables created successfully.
2026-07-17 03:58:19 [INFO]: Server running on http://localhost:5000
2026-07-17 03:58:19 [INFO]: WhatsApp init skipped (DISABLE_WHATSAPP=true)
2026-07-17 03:58:19 [INFO]: Connected to SQLite database.
2026-07-17 03:58:21 [INFO]: Seeding demo data...
2026-07-17 03:58:22 [INFO]: ✅ Demo data seeded successfully — 6 customers, 8 orders, 3 employees, 3 vendors, inventory, cheques, expenses.
2026-07-17 04:00:23 [INFO]: All tables created successfully.
2026-07-17 04:00:24 [INFO]: Server running on http://localhost:5000
2026-07-17 04:00:24 [INFO]: WhatsApp init skipped (DISABLE_WHATSAPP=true)
2026-07-17 04:00:24 [INFO]: Connected to SQLite database.
2026-07-17 04:00:26 [INFO]: Demo seed skipped — orders already exist.
2026-07-17 04:00:34 [INFO]: All tables created successfully.
2026-07-17 04:00:35 [INFO]: Server running on http://localhost:5000
2026-07-17 04:00:35 [INFO]: WhatsApp init skipped (DISABLE_WHATSAPP=true)
2026-07-17 04:00:36 [INFO]: Connected to SQLite database.
2026-07-17 04:00:38 [INFO]: Demo seed skipped — orders already exist.
2026-07-17 04:10:42 [INFO]: All tables created successfully.
2026-07-17 04:10:43 [INFO]: Server running on http://localhost:5000
2026-07-17 04:10:43 [INFO]: WhatsApp init skipped (DISABLE_WHATSAPP=true)
2026-07-17 04:10:43 [INFO]: Connected to SQLite database.
2026-07-17 04:10:45 [INFO]: Demo seed skipped — orders already exist.
2026-07-17 16:09:25 [INFO]: All tables created successfully.
2026-07-17 16:09:27 [ERROR]: Uncaught Exception: Error: listen EADDRINUSE: address already in use 0.0.0.0:5000
    at Server.setupListenHandle [as _listen2] (node:net:2008:16)
    at listenInCluster (node:net:2065:12)
    at node:net:2274:7
    at process.processTicksAndRejections (node:internal/process/task_queues:90:21)
2026-07-17 16:09:27 [INFO]: Connected to SQLite database.
2026-07-17 16:15:48 [INFO]: All tables created successfully.
2026-07-17 16:15:49 [ERROR]: Uncaught Exception: Error: listen EADDRINUSE: address already in use 0.0.0.0:5000
    at Server.setupListenHandle [as _listen2] (node:net:2008:16)
    at listenInCluster (node:net:2065:12)
    at node:net:2274:7
    at process.processTicksAndRejections (node:internal/process/task_queues:90:21)
2026-07-17 16:15:49 [INFO]: Connected to SQLite database.
2026-07-17 16:15:51 [INFO]: All tables created successfully.
2026-07-17 16:15:52 [ERROR]: Uncaught Exception: Error: listen EADDRINUSE: address already in use 0.0.0.0:5000
    at Server.setupListenHandle [as _listen2] (node:net:2008:16)
    at listenInCluster (node:net:2065:12)
    at node:net:2274:7
    at process.processTicksAndRejections (node:internal/process/task_queues:90:21)
2026-07-17 16:15:52 [INFO]: Connected to SQLite database.
2026-07-17 16:54:29 [INFO]: All tables created successfully.
2026-07-17 16:54:39 [ERROR]: Uncaught Exception: Error: listen EADDRINUSE: address already in use 0.0.0.0:5000
    at Server.setupListenHandle [as _listen2] (node:net:2008:16)
    at listenInCluster (node:net:2065:12)
    at node:net:2274:7
    at process.processTicksAndRejections (node:internal/process/task_queues:90:21)
2026-07-17 16:54:39 [INFO]: Connected to SQLite database.
2026-07-17 17:28:03 [INFO]: All tables created successfully.
2026-07-17 17:28:05 [ERROR]: Uncaught Exception: Error: listen EADDRINUSE: address already in use 0.0.0.0:5000
    at Server.setupListenHandle [as _listen2] (node:net:2008:16)
    at listenInCluster (node:net:2065:12)
    at node:net:2274:7
    at process.processTicksAndRejections (node:internal/process/task_queues:90:21)
2026-07-17 17:28:05 [INFO]: Connected to SQLite database.
2026-07-17 17:28:59 [INFO]: All tables created successfully.
2026-07-17 17:29:00 [ERROR]: Uncaught Exception: Error: listen EADDRINUSE: address already in use 0.0.0.0:5000
    at Server.setupListenHandle [as _listen2] (node:net:2008:16)
    at listenInCluster (node:net:2065:12)
    at node:net:2274:7
    at process.processTicksAndRejections (node:internal/process/task_queues:90:21)
2026-07-17 17:29:00 [INFO]: Connected to SQLite database.
2026-07-17 17:29:12 [INFO]: All tables created successfully.
2026-07-17 17:29:13 [ERROR]: Uncaught Exception: Error: listen EADDRINUSE: address already in use 0.0.0.0:5000
    at Server.setupListenHandle [as _listen2] (node:net:2008:16)
    at listenInCluster (node:net:2065:12)
    at node:net:2274:7
    at process.processTicksAndRejections (node:internal/process/task_queues:90:21)
2026-07-17 17:29:13 [INFO]: Connected to SQLite database.
2026-07-17 17:29:31 [INFO]: All tables created successfully.
2026-07-17 17:29:33 [ERROR]: Uncaught Exception: Error: listen EADDRINUSE: address already in use 0.0.0.0:5000
    at Server.setupListenHandle [as _listen2] (node:net:2008:16)
    at listenInCluster (node:net:2065:12)
    at node:net:2274:7
    at process.processTicksAndRejections (node:internal/process/task_queues:90:21)
2026-07-17 17:29:33 [INFO]: Connected to SQLite database.
2026-07-17 17:30:33 [INFO]: All tables created successfully.
2026-07-17 17:30:34 [ERROR]: Uncaught Exception: Error: listen EADDRINUSE: address already in use 0.0.0.0:5000
    at Server.setupListenHandle [as _listen2] (node:net:2008:16)
    at listenInCluster (node:net:2065:12)
    at node:net:2274:7
    at process.processTicksAndRejections (node:internal/process/task_queues:90:21)
2026-07-17 17:30:34 [INFO]: Connected to SQLite database.
2026-07-17 17:53:38 [INFO]: All tables created successfully.
2026-07-17 17:53:39 [ERROR]: Uncaught Exception: Error: listen EADDRINUSE: address already in use 0.0.0.0:5000
    at Server.setupListenHandle [as _listen2] (node:net:2008:16)
    at listenInCluster (node:net:2065:12)
    at node:net:2274:7
    at process.processTicksAndRejections (node:internal/process/task_queues:90:21)
2026-07-17 17:53:39 [INFO]: Connected to SQLite database.
2026-07-29 13:53:16 [INFO]: All tables created successfully.
2026-07-29 13:53:18 [ERROR]: Uncaught Exception: Error: listen EADDRINUSE: address already in use 0.0.0.0:5000
    at Server.setupListenHandle [as _listen2] (node:net:2008:16)
    at listenInCluster (node:net:2065:12)
    at node:net:2274:7
    at process.processTicksAndRejections (node:internal/process/task_queues:90:21)
2026-07-29 13:53:18 [INFO]: Connected to SQLite database.
2026-07-29 13:53:45 [INFO]: All tables created successfully.
2026-07-29 13:53:46 [INFO]: Server running on http://localhost:5000
2026-07-29 13:53:46 [INFO]: WhatsApp init skipped (DISABLE_WHATSAPP=true)
2026-07-29 13:53:46 [INFO]: Connected to SQLite database.
2026-07-29 13:53:48 [INFO]: Demo seed skipped — orders already exist.
2026-07-29 14:12:17 [INFO]: All tables created successfully.
2026-07-29 14:12:24 [INFO]: Server running on http://localhost:5000
2026-07-29 14:12:24 [INFO]: WhatsApp init skipped (DISABLE_WHATSAPP=true)
2026-07-29 14:12:24 [INFO]: Connected to SQLite database.
2026-07-29 14:12:26 [INFO]: Demo seed skipped — orders already exist.
2026-08-01 11:48:07 [INFO]: All tables created successfully.
2026-08-01 11:48:09 [INFO]: Server running on http://localhost:5000
2026-08-01 11:48:09 [INFO]: WhatsApp init skipped (DISABLE_WHATSAPP=true)
2026-08-01 11:48:09 [INFO]: Connected to SQLite database.
2026-08-01 11:48:11 [INFO]: Demo seed skipped — orders already exist.
2026-08-01 12:02:28 [INFO]: All tables created successfully.
2026-08-01 12:02:29 [INFO]: Server running on http://localhost:5000
2026-08-01 12:02:29 [INFO]: WhatsApp init skipped (DISABLE_WHATSAPP=true)
2026-08-01 12:02:29 [INFO]: Connected to SQLite database.
2026-08-01 12:02:31 [INFO]: Demo seed skipped — orders already exist.
2026-08-01 12:02:44 [INFO]: All tables created successfully.
2026-08-01 12:02:45 [INFO]: Server running on http://localhost:5000
2026-08-01 12:02:45 [INFO]: WhatsApp init skipped (DISABLE_WHATSAPP=true)
2026-08-01 12:02:45 [INFO]: Connected to SQLite database.
2026-08-01 12:02:47 [INFO]: Demo seed skipped — orders already exist.
2026-08-01 12:03:04 [INFO]: All tables created successfully.
2026-08-01 12:03:05 [INFO]: Server running on http://localhost:5000
2026-08-01 12:03:05 [INFO]: WhatsApp init skipped (DISABLE_WHATSAPP=true)
2026-08-01 12:03:05 [INFO]: Connected to SQLite database.
2026-08-01 12:03:07 [INFO]: Demo seed skipped — orders already exist.
2026-08-01 12:22:18 [INFO]: All tables created successfully.
2026-08-01 12:22:18 [INFO]: Server running on http://localhost:5000
2026-08-01 12:22:18 [INFO]: WhatsApp init skipped (DISABLE_WHATSAPP=true)
2026-08-01 12:22:18 [INFO]: Connected to SQLite database.
2026-08-01 12:22:20 [INFO]: Demo seed skipped — orders already exist.
2026-08-01 12:25:26 [INFO]: All tables created successfully.
2026-08-01 12:25:26 [INFO]: Server running on http://localhost:5000
2026-08-01 12:25:26 [INFO]: WhatsApp init skipped (DISABLE_WHATSAPP=true)
2026-08-01 12:25:26 [INFO]: Connected to SQLite database.
2026-08-01 12:25:28 [INFO]: Demo seed skipped — orders already exist.
2026-08-01 13:53:58 [INFO]: All tables created successfully.
2026-08-01 13:53:59 [INFO]: Server running on http://localhost:5000
2026-08-01 13:53:59 [INFO]: WhatsApp init skipped (DISABLE_WHATSAPP=true)
2026-08-01 13:53:59 [INFO]: Connected to SQLite database.
2026-08-01 13:54:01 [INFO]: Demo seed skipped — orders already exist.
2026-08-01 13:54:07 [INFO]: All tables created successfully.
2026-08-01 13:54:08 [INFO]: Server running on http://localhost:5000
2026-08-01 13:54:08 [INFO]: WhatsApp init skipped (DISABLE_WHATSAPP=true)
2026-08-01 13:54:08 [INFO]: Connected to SQLite database.
2026-08-01 13:54:10 [INFO]: Demo seed skipped — orders already exist.
2026-08-01 13:54:16 [INFO]: All tables created successfully.
2026-08-01 13:54:16 [INFO]: Server running on http://localhost:5000
2026-08-01 13:54:16 [INFO]: WhatsApp init skipped (DISABLE_WHATSAPP=true)
2026-08-01 13:54:16 [INFO]: Connected to SQLite database.
2026-08-01 13:54:18 [INFO]: Demo seed skipped — orders already exist.
2026-08-01 20:26:47 [INFO]: All tables created successfully.
2026-08-01 20:26:48 [INFO]: Server running on http://localhost:5000
2026-08-01 20:26:48 [INFO]: WhatsApp init skipped (DISABLE_WHATSAPP=true)
2026-08-01 20:26:48 [INFO]: Connected to SQLite database.
2026-08-01 20:26:50 [INFO]: Demo seed skipped — orders already exist.
2026-08-01 23:21:55 [INFO]: All tables created successfully.
2026-08-01 23:21:58 [INFO]: Server running on http://localhost:5000
2026-08-01 23:21:58 [INFO]: WhatsApp init skipped (DISABLE_WHATSAPP=true)
2026-08-01 23:21:58 [INFO]: Connected to SQLite database.
2026-08-01 23:22:00 [INFO]: Demo seed skipped — orders already exist.
2026-08-02 01:38:16 [INFO]: All tables created successfully.
2026-08-02 01:38:17 [INFO]: Server running on http://localhost:5000
2026-08-02 01:38:17 [INFO]: WhatsApp init skipped (DISABLE_WHATSAPP=true)
2026-08-02 01:38:17 [INFO]: Connected to SQLite database.
2026-08-02 01:38:19 [INFO]: Demo seed skipped — orders already exist.
2026-08-02 01:38:33 [INFO]: All tables created successfully.
2026-08-02 01:38:35 [INFO]: Server running on http://localhost:5000
2026-08-02 01:38:35 [INFO]: WhatsApp init skipped (DISABLE_WHATSAPP=true)
2026-08-02 01:38:35 [INFO]: Connected to SQLite database.
2026-08-02 01:38:37 [INFO]: Demo seed skipped — orders already exist.
2026-08-02 01:38:44 [INFO]: All tables created successfully.
2026-08-02 01:38:45 [INFO]: Server running on http://localhost:5000
2026-08-02 01:38:45 [INFO]: WhatsApp init skipped (DISABLE_WHATSAPP=true)
2026-08-02 01:38:45 [INFO]: Connected to SQLite database.
2026-08-02 01:38:47 [INFO]: Demo seed skipped — orders already exist.
2026-08-02 02:09:52 [INFO]: All tables created successfully.
2026-08-02 02:10:02 [INFO]: Server running on http://localhost:5000
2026-08-02 02:10:02 [INFO]: WhatsApp init skipped (DISABLE_WHATSAPP=true)
2026-08-02 02:10:02 [INFO]: Connected to SQLite database.
2026-08-02 02:10:04 [INFO]: Demo seed skipped — orders already exist.
2026-08-02 02:11:37 [INFO]: All tables created successfully.
2026-08-02 02:11:37 [INFO]: Connected to SQLite database.
2026-08-02 02:38:26 [INFO]: All tables created successfully.
2026-08-02 02:38:27 [INFO]: Server running on http://localhost:5000
2026-08-02 02:38:27 [INFO]: WhatsApp init skipped (DISABLE_WHATSAPP=true)
2026-08-02 02:38:27 [INFO]: Connected to SQLite database.
2026-08-02 02:38:29 [INFO]: Demo seed skipped — orders already exist.
2026-08-02 10:38:16 [INFO]: All tables created successfully.
2026-08-02 10:38:17 [ERROR]: Uncaught Exception: Error: listen EADDRINUSE: address already in use 0.0.0.0:5000
    at Server.setupListenHandle [as _listen2] (node:net:2008:16)
    at listenInCluster (node:net:2065:12)
    at node:net:2274:7
    at process.processTicksAndRejections (node:internal/process/task_queues:90:21)
2026-08-02 10:38:17 [INFO]: Connected to SQLite database.
2026-08-02 10:39:00 [INFO]: All tables created successfully.
2026-08-02 10:39:01 [INFO]: Server running on http://localhost:5000
2026-08-02 10:39:01 [INFO]: WhatsApp init skipped (DISABLE_WHATSAPP=true)
2026-08-02 10:39:01 [INFO]: Connected to SQLite database.
2026-08-02 10:39:03 [INFO]: Demo seed skipped — orders already exist.
2026-08-02 11:25:45 [INFO]: All tables created successfully.
2026-08-02 11:25:46 [INFO]: Server running on http://localhost:5000
2026-08-02 11:25:46 [INFO]: WhatsApp init skipped (DISABLE_WHATSAPP=true)
2026-08-02 11:25:46 [INFO]: Connected to SQLite database.
2026-08-02 11:25:48 [INFO]: Demo seed skipped — orders already exist.
2026-08-02 12:26:00 [INFO]: All tables created successfully.
2026-08-02 12:26:01 [INFO]: Server running on http://localhost:5000
2026-08-02 12:26:01 [INFO]: WhatsApp init skipped (DISABLE_WHATSAPP=true)
2026-08-02 12:26:01 [INFO]: Connected to SQLite database.
2026-08-02 12:26:03 [INFO]: Demo seed skipped — orders already exist.
2026-08-02 15:24:20 [INFO]: All tables created successfully.
2026-08-02 15:24:24 [INFO]: Server running on http://localhost:5000
2026-08-02 15:24:24 [INFO]: WhatsApp init skipped (DISABLE_WHATSAPP=true)
2026-08-02 15:24:24 [INFO]: Connected to SQLite database.
2026-08-02 15:24:26 [INFO]: Demo seed skipped — orders already exist.
2026-08-02 18:35:29 [INFO]: All tables created successfully.
2026-08-02 18:35:30 [INFO]: Server running on http://localhost:5000
2026-08-02 18:35:30 [INFO]: WhatsApp init skipped (DISABLE_WHATSAPP=true)
2026-08-02 18:35:30 [INFO]: Connected to SQLite database.
2026-08-02 18:35:32 [INFO]: All tables created successfully.
2026-08-02 18:35:33 [INFO]: Server running on http://localhost:5000
2026-08-02 18:35:33 [INFO]: WhatsApp init skipped (DISABLE_WHATSAPP=true)
2026-08-02 18:35:33 [INFO]: Connected to SQLite database.
2026-08-02 18:35:35 [INFO]: Demo seed skipped — orders already exist.
2026-08-02 18:36:03 [INFO]: All tables created successfully.
2026-08-02 18:36:04 [INFO]: Server running on http://localhost:5000
2026-08-02 18:36:04 [INFO]: WhatsApp init skipped (DISABLE_WHATSAPP=true)
2026-08-02 18:36:04 [INFO]: Connected to SQLite database.
2026-08-02 18:36:06 [INFO]: Demo seed skipped — orders already exist.
2026-08-02 18:36:21 [INFO]: All tables created successfully.
2026-08-02 18:36:22 [INFO]: Server running on http://localhost:5000
2026-08-02 18:36:22 [INFO]: WhatsApp init skipped (DISABLE_WHATSAPP=true)
2026-08-02 18:36:22 [INFO]: Connected to SQLite database.
2026-08-02 18:36:24 [INFO]: All tables created successfully.
2026-08-02 18:36:25 [INFO]: Server running on http://localhost:5000
2026-08-02 18:36:25 [INFO]: WhatsApp init skipped (DISABLE_WHATSAPP=true)
2026-08-02 18:36:25 [INFO]: Connected to SQLite database.
2026-08-02 18:36:27 [INFO]: Demo seed skipped — orders already exist.
2026-08-02 18:36:48 [INFO]: All tables created successfully.
2026-08-02 18:36:49 [INFO]: Server running on http://localhost:5000
2026-08-02 18:36:49 [INFO]: WhatsApp init skipped (DISABLE_WHATSAPP=true)
2026-08-02 18:36:49 [INFO]: Connected to SQLite database.
2026-08-02 18:36:51 [INFO]: Demo seed skipped — orders already exist.
2026-08-02 18:36:52 [INFO]: All tables created successfully.
2026-08-02 18:36:53 [INFO]: Server running on http://localhost:5000
2026-08-02 18:36:53 [INFO]: WhatsApp init skipped (DISABLE_WHATSAPP=true)
2026-08-02 18:36:53 [INFO]: Connected to SQLite database.
2026-08-02 18:36:55 [INFO]: Demo seed skipped — orders already exist.
2026-08-02 18:50:30 [INFO]: All tables created successfully.
2026-08-02 18:50:31 [INFO]: Server running on http://localhost:5000
2026-08-02 18:50:31 [INFO]: WhatsApp init skipped (DISABLE_WHATSAPP=true)
2026-08-02 18:50:31 [INFO]: Connected to SQLite database.
2026-08-02 18:50:33 [INFO]: Demo seed skipped — orders already exist.
2026-08-02 18:50:49 [INFO]: All tables created successfully.
2026-08-02 18:50:50 [INFO]: Server running on http://localhost:5000
2026-08-02 18:50:50 [INFO]: WhatsApp init skipped (DISABLE_WHATSAPP=true)
2026-08-02 18:50:50 [INFO]: Connected to SQLite database.
2026-08-02 18:50:52 [INFO]: Demo seed skipped — orders already exist.
2026-08-02 18:51:06 [INFO]: All tables created successfully.
2026-08-02 18:51:07 [INFO]: Server running on http://localhost:5000
2026-08-02 18:51:07 [INFO]: WhatsApp init skipped (DISABLE_WHATSAPP=true)
2026-08-02 18:51:07 [INFO]: Connected to SQLite database.
2026-08-02 18:51:09 [INFO]: Demo seed skipped — orders already exist.
2026-08-02 18:51:27 [INFO]: All tables created successfully.
2026-08-02 18:51:28 [INFO]: Server running on http://localhost:5000
2026-08-02 18:51:28 [INFO]: WhatsApp init skipped (DISABLE_WHATSAPP=true)
2026-08-02 18:51:28 [INFO]: Connected to SQLite database.
2026-08-02 18:51:30 [INFO]: Demo seed skipped — orders already exist.
2026-08-02 18:59:30 [INFO]: All tables created successfully.
2026-08-02 18:59:31 [INFO]: Server running on http://localhost:5000
2026-08-02 18:59:31 [INFO]: WhatsApp init skipped (DISABLE_WHATSAPP=true)
2026-08-02 18:59:31 [INFO]: Connected to SQLite database.
2026-08-02 18:59:33 [INFO]: Demo seed skipped — orders already exist.
2026-08-02 19:48:56 [INFO]: All tables created successfully.
2026-08-02 19:48:57 [INFO]: Server running on http://localhost:5000
2026-08-02 19:48:57 [INFO]: WhatsApp init skipped (DISABLE_WHATSAPP=true)
2026-08-02 19:48:57 [INFO]: Connected to SQLite database.
2026-08-02 19:48:59 [INFO]: Demo seed skipped — orders already exist.
2026-08-02 19:49:46 [INFO]: All tables created successfully.
2026-08-02 19:49:46 [INFO]: Connected to SQLite database.
2026-08-02 19:50:17 [INFO]: All tables created successfully.
2026-08-02 19:50:18 [INFO]: Server running on http://localhost:5000
2026-08-02 19:50:18 [INFO]: WhatsApp init skipped (DISABLE_WHATSAPP=true)
2026-08-02 19:50:18 [INFO]: Connected to SQLite database.
2026-08-02 19:50:20 [INFO]: Seeding demo data...
2026-08-02 19:50:21 [INFO]: ✅ Demo data seeded successfully — cash collected ~₹11295, expense budget ~₹8225.
2026-08-02 22:49:40 [INFO]: All tables created successfully.
2026-08-02 22:49:50 [INFO]: Server running on http://localhost:5000
2026-08-02 22:49:50 [INFO]: WhatsApp init skipped (DISABLE_WHATSAPP=true)
2026-08-02 22:49:50 [INFO]: Connected to SQLite database.
2026-08-02 22:49:52 [INFO]: Demo seed skipped — orders already exist.
2026-08-02 23:07:28 [INFO]: All tables created successfully.
2026-08-02 23:07:29 [INFO]: Server running on http://localhost:5000
2026-08-02 23:07:29 [INFO]: WhatsApp init skipped (DISABLE_WHATSAPP=true)
2026-08-02 23:07:29 [INFO]: Connected to SQLite database.
2026-08-02 23:07:31 [INFO]: Demo seed skipped — orders already exist.
2026-08-03 00:30:32 [INFO]: All tables created successfully.
2026-08-03 00:30:32 [INFO]: Connected to SQLite database.
2026-08-03 00:30:41 [INFO]: All tables created successfully.
2026-08-03 00:30:44 [INFO]: Server running on http://localhost:5000
2026-08-03 00:30:44 [INFO]: WhatsApp init skipped (DISABLE_WHATSAPP=true)
2026-08-03 00:30:44 [INFO]: Connected to SQLite database.
2026-08-03 00:30:46 [INFO]: Seeding demo data...
2026-08-03 00:30:47 [INFO]: ✅ Demo data seeded successfully — cash collected ~₹9166, expense budget ~₹6029.
2026-08-03 10:12:29 [INFO]: All tables created successfully.
2026-08-03 10:12:32 [INFO]: Server running on http://localhost:5000
2026-08-03 10:12:32 [INFO]: WhatsApp init skipped (DISABLE_WHATSAPP=true)
2026-08-03 10:12:32 [INFO]: Connected to SQLite database.
2026-08-03 10:12:34 [INFO]: Demo seed skipped — orders already exist.
2026-08-03 15:57:55 [INFO]: All tables created successfully.
2026-08-03 15:57:57 [ERROR]: Uncaught Exception: Error: listen EADDRINUSE: address already in use 0.0.0.0:5000
    at Server.setupListenHandle [as _listen2] (node:net:2008:16)
    at listenInCluster (node:net:2065:12)
    at node:net:2274:7
    at process.processTicksAndRejections (node:internal/process/task_queues:90:21)
2026-08-03 15:57:57 [INFO]: Connected to SQLite database.
